yarn run v1.22.22
$ next build
  Ôû▓ Next.js 14.2.35
  - Environments: .env
  - Experiments (use with caution):
    ┬À outputFileTracingRoot

   Creating an optimized production build ...
node.exe : Failed to compile.
En C:\Program Files\nodejs\yarn.ps1: 16 Carácter: 5
+     & "$basedir/node$exe"  "$basedir/node_modules/corepack/dist/yarn. ...
+     ~~~~~~~~~~~~~~~~~~~~~~~~~~~~~~~~~~~~~~~~~~~~~~~~~~~~~~~~~~~~~~~~~
    + CategoryInfo          : NotSpecified: (Failed to compile.:String) [], RemoteException
    + FullyQualifiedErrorId : NativeCommandError
 

./app/globals.css.webpack[javascript/auto]!=!./node_modules/next/dist/build/webpack/loaders/css-loader/src/index.js??ru
leSet[1].rules[14].oneOf[12].use[2]!./node_modules/next/dist/build/webpack/loaders/postcss-loader/src/index.js??ruleSet
[1].rules[14].oneOf[12].use[3]!./app/globals.css
Error: Cannot find module 'tailwindcss-animate'
Require stack:
- C:\Users\jesus\OneDrive\Desktop\JK GROUP\JK\jkgroup_website_source\tailwind.config.ts
    at Module.<anonymous> (node:internal/modules/cjs/loader:1456:15)
    at C:\Users\jesus\OneDrive\Desktop\JK 
GROUP\JK\jkgroup_website_source\node_modules\next\dist\server\require-hook.js:55:36
    at require.resolve (node:internal/modules/helpers:163:19)
    at _resolve (C:\Users\jesus\OneDrive\Desktop\JK 
GROUP\JK\jkgroup_website_source\node_modules\jiti\dist\jiti.js:1:246378)
    at jiti (C:\Users\jesus\OneDrive\Desktop\JK 
GROUP\JK\jkgroup_website_source\node_modules\jiti\dist\jiti.js:1:249092)
    at C:\Users\jesus\OneDrive\Desktop\JK GROUP\JK\jkgroup_website_source\tailwind.config.ts:108:13
    at evalModule (C:\Users\jesus\OneDrive\Desktop\JK 
GROUP\JK\jkgroup_website_source\node_modules\jiti\dist\jiti.js:1:251913)
    at jiti (C:\Users\jesus\OneDrive\Desktop\JK 
GROUP\JK\jkgroup_website_source\node_modules\jiti\dist\jiti.js:1:249841)
    at C:\Users\jesus\OneDrive\Desktop\JK 
GROUP\JK\jkgroup_website_source\node_modules\tailwindcss\lib\lib\load-config.js:53:30
    at loadConfig (C:\Users\jesus\OneDrive\Desktop\JK 
GROUP\JK\jkgroup_website_source\node_modules\tailwindcss\lib\lib\load-config.js:55:6)

Import trace for requested module:
./app/globals.css.webpack[javascript/auto]!=!./node_modules/next/dist/build/webpack/loaders/css-loader/src/index.js??ru
leSet[1].rules[14].oneOf[12].use[2]!./node_modules/next/dist/build/webpack/loaders/postcss-loader/src/index.js??ruleSet
[1].rules[14].oneOf[12].use[3]!./app/globals.css
./app/globals.css

./app/globals.css
Error: Cannot find module 'tailwindcss-animate'
Require stack:
- C:\Users\jesus\OneDrive\Desktop\JK GROUP\JK\jkgroup_website_source\tailwind.config.ts
    at Module.<anonymous> (node:internal/modules/cjs/loader:1456:15)
    at C:\Users\jesus\OneDrive\Desktop\JK 
GROUP\JK\jkgroup_website_source\node_modules\next\dist\server\require-hook.js:55:36
    at require.resolve (node:internal/modules/helpers:163:19)
    at _resolve (C:\Users\jesus\OneDrive\Desktop\JK 
GROUP\JK\jkgroup_website_source\node_modules\jiti\dist\jiti.js:1:246378)
    at jiti (C:\Users\jesus\OneDrive\Desktop\JK 
GROUP\JK\jkgroup_website_source\node_modules\jiti\dist\jiti.js:1:249092)
    at C:\Users\jesus\OneDrive\Desktop\JK GROUP\JK\jkgroup_website_source\tailwind.config.ts:108:13
    at evalModule (C:\Users\jesus\OneDrive\Desktop\JK 
GROUP\JK\jkgroup_website_source\node_modules\jiti\dist\jiti.js:1:251913)
    at jiti (C:\Users\jesus\OneDrive\Desktop\JK 
GROUP\JK\jkgroup_website_source\node_modules\jiti\dist\jiti.js:1:249841)
    at C:\Users\jesus\OneDrive\Desktop\JK 
GROUP\JK\jkgroup_website_source\node_modules\tailwindcss\lib\lib\load-config.js:53:30
    at loadConfig (C:\Users\jesus\OneDrive\Desktop\JK 
GROUP\JK\jkgroup_website_source\node_modules\tailwindcss\lib\lib\load-config.js:55:6)
    at tryRunOrWebpackError (C:\Users\jesus\OneDrive\Desktop\JK 
GROUP\JK\jkgroup_website_source\node_modules\next\dist\compiled\webpack\bundle5.js:28:312989)
    at __webpack_require_module__ (C:\Users\jesus\OneDrive\Desktop\JK 
GROUP\JK\jkgroup_website_source\node_modules\next\dist\compiled\webpack\bundle5.js:28:131165)
    at __nested_webpack_require_153728__ (C:\Users\jesus\OneDrive\Desktop\JK 
GROUP\JK\jkgroup_website_source\node_modules\next\dist\compiled\webpack\bundle5.js:28:130607)
    at C:\Users\jesus\OneDrive\Desktop\JK 
GROUP\JK\jkgroup_website_source\node_modules\next\dist\compiled\webpack\bundle5.js:28:131454
    at symbolIterator (C:\Users\jesus\OneDrive\Desktop\JK 
GROUP\JK\jkgroup_website_source\node_modules\next\dist\compiled\neo-async\async.js:1:14444)
    at done (C:\Users\jesus\OneDrive\Desktop\JK 
GROUP\JK\jkgroup_website_source\node_modules\next\dist\compiled\neo-async\async.js:1:14824)
    at Hook.eval [as callAsync] (eval at create (C:\Users\jesus\OneDrive\Desktop\JK 
GROUP\JK\jkgroup_website_source\node_modules\next\dist\compiled\webpack\bundle5.js:13:28858), <anonymous>:15:1)
    at Hook.CALL_ASYNC_DELEGATE [as _callAsync] (C:\Users\jesus\OneDrive\Desktop\JK 
GROUP\JK\jkgroup_website_source\node_modules\next\dist\compiled\webpack\bundle5.js:13:26012)
    at C:\Users\jesus\OneDrive\Desktop\JK 
GROUP\JK\jkgroup_website_source\node_modules\next\dist\compiled\webpack\bundle5.js:28:130328
    at symbolIterator (C:\Users\jesus\OneDrive\Desktop\JK 
GROUP\JK\jkgroup_website_source\node_modules\next\dist\compiled\neo-async\async.js:1:14402)
-- inner error --
Error: Cannot find module 'tailwindcss-animate'
Require stack:
- C:\Users\jesus\OneDrive\Desktop\JK GROUP\JK\jkgroup_website_source\tailwind.config.ts
    at Module.<anonymous> (node:internal/modules/cjs/loader:1456:15)
    at C:\Users\jesus\OneDrive\Desktop\JK 
GROUP\JK\jkgroup_website_source\node_modules\next\dist\server\require-hook.js:55:36
    at require.resolve (node:internal/modules/helpers:163:19)
    at _resolve (C:\Users\jesus\OneDrive\Desktop\JK 
GROUP\JK\jkgroup_website_source\node_modules\jiti\dist\jiti.js:1:246378)
    at jiti (C:\Users\jesus\OneDrive\Desktop\JK 
GROUP\JK\jkgroup_website_source\node_modules\jiti\dist\jiti.js:1:249092)
    at C:\Users\jesus\OneDrive\Desktop\JK GROUP\JK\jkgroup_website_source\tailwind.config.ts:108:13
    at evalModule (C:\Users\jesus\OneDrive\Desktop\JK 
GROUP\JK\jkgroup_website_source\node_modules\jiti\dist\jiti.js:1:251913)
    at jiti (C:\Users\jesus\OneDrive\Desktop\JK 
GROUP\JK\jkgroup_website_source\node_modules\jiti\dist\jiti.js:1:249841)
    at C:\Users\jesus\OneDrive\Desktop\JK 
GROUP\JK\jkgroup_website_source\node_modules\tailwindcss\lib\lib\load-config.js:53:30
    at loadConfig (C:\Users\jesus\OneDrive\Desktop\JK 
GROUP\JK\jkgroup_website_source\node_modules\tailwindcss\lib\lib\load-config.js:55:6)
    at Object.<anonymous> (C:\Users\jesus\OneDrive\Desktop\JK GROUP\JK\jkgroup_website_source\node_modules\next\dist\bu
ild\webpack\loaders\css-loader\src\index.js??ruleSet[1].rules[14].oneOf[12].use[2]!C:\Users\jesus\OneDrive\Desktop\JK G
ROUP\JK\jkgroup_website_source\node_modules\next\dist\build\webpack\loaders\postcss-loader\src\index.js??ruleSet[1].rul
es[14].oneOf[12].use[3]!C:\Users\jesus\OneDrive\Desktop\JK GROUP\JK\jkgroup_website_source\app\globals.css:1:7)
    at C:\Users\jesus\OneDrive\Desktop\JK 
GROUP\JK\jkgroup_website_source\node_modules\next\dist\compiled\webpack\bundle5.js:28:922493
    at Hook.eval [as call] (eval at create (C:\Users\jesus\OneDrive\Desktop\JK 
GROUP\JK\jkgroup_website_source\node_modules\next\dist\compiled\webpack\bundle5.js:13:28636), <anonymous>:7:1)
    at Hook.CALL_DELEGATE [as _call] (C:\Users\jesus\OneDrive\Desktop\JK 
GROUP\JK\jkgroup_website_source\node_modules\next\dist\compiled\webpack\bundle5.js:13:25906)
    at C:\Users\jesus\OneDrive\Desktop\JK 
GROUP\JK\jkgroup_website_source\node_modules\next\dist\compiled\webpack\bundle5.js:28:131198
    at tryRunOrWebpackError (C:\Users\jesus\OneDrive\Desktop\JK 
GROUP\JK\jkgroup_website_source\node_modules\next\dist\compiled\webpack\bundle5.js:28:312943)
    at __webpack_require_module__ (C:\Users\jesus\OneDrive\Desktop\JK 
GROUP\JK\jkgroup_website_source\node_modules\next\dist\compiled\webpack\bundle5.js:28:131165)
    at __nested_webpack_require_153728__ (C:\Users\jesus\OneDrive\Desktop\JK 
GROUP\JK\jkgroup_website_source\node_modules\next\dist\compiled\webpack\bundle5.js:28:130607)
    at C:\Users\jesus\OneDrive\Desktop\JK 
GROUP\JK\jkgroup_website_source\node_modules\next\dist\compiled\webpack\bundle5.js:28:131454
    at symbolIterator (C:\Users\jesus\OneDrive\Desktop\JK 
GROUP\JK\jkgroup_website_source\node_modules\next\dist\compiled\neo-async\async.js:1:14444)

Generated code for C:\Users\jesus\OneDrive\Desktop\JK GROUP\JK\jkgroup_website_source\node_modules\next\dist\build\webp
ack\loaders\css-loader\src\index.js??ruleSet[1].rules[14].oneOf[12].use[2]!C:\Users\jesus\OneDrive\Desktop\JK GROUP\JK\
jkgroup_website_source\node_modules\next\dist\build\webpack\loaders\postcss-loader\src\index.js??ruleSet[1].rules[14].o
neOf[12].use[3]!C:\Users\jesus\OneDrive\Desktop\JK GROUP\JK\jkgroup_website_source\app\globals.css

Import trace for requested module:
./app/globals.css


> Build failed because of webpack errors
error Command failed with exit code 1.
info Visit https://yarnpkg.com/en/docs/cli/run for documentation about this command.
